0x00000100 : 0x00000015 (21)
0x00000104 : 0xFFFFFFDD (-35)
0x00000108 : 0x00000019 (25)
0x0000010C : 0x00000000 (0)
0x00000110 : 0x00000001 (1)
0x00000114 : 0xFFFFFFFF (-1)
0x00000118 : 0xFFFFFFFF (-1)
0x0000011C : 0x00000000 (0)
0x00000120 : 0x00000002 (2)
0x00000124 : 0xFFFFFFFF (-1)
0x00000128 : 0x00000000 (0)
0x0000012C : 0x00000001 (1)
0x00000130 : 0xFFFFFFFF (-1)
0x00000134 : 0x80000000 (-2147483648)
0x00000138 : 0x00000001 (1)
0x0000013C : 0x00000002 (2)
0x00000140 : 0xFFFFFFFB (-5)
0x00000144 : 0x00000000 (0)
0x00000148 : 0x00000007 (7)
0x0000014C : 0x00000000 (0)
0x00000164 : 0x0000000A (10)
0x00000168 : 0x00000004 (4)
0x0000016C : 0x00000004 (4)
0x00000170 : 0x0000000F (15)
0x00000174 : 0x0000000D (13)
0x00000178 : 0x0000000C (12)
0x0000017C : 0x00000006 (6)
0x00000180 : 0xFFFFFFFD (-3)
0x00000184 : 0x00000001 (1)
0x00000188 : 0x00000000 (0)
0x000001F4 : 0x0000007B (123)
