# THIS IS AN AI GENERATED FILE TO VERIFY FUNCTIONALTY OF ALL INSTRUCTIONS
#
#
#
# Expected dmem_final.log for the expanded input.txt test.
# Compare the address/value lines below against dmem_final.log.
# Important: 0x000001F0 should NOT appear. That is the branch/jump fail marker.

# M-extension result table
0x00000100 : 0x00000015 (21)           # mul 7 * 3
0x00000104 : 0xFFFFFFDD (-35)          # mul 7 * -5 low 32 bits
0x00000108 : 0x00000019 (25)           # mul -5 * -5
0x0000010C : 0x00000000 (0)            # mul 0x40000000 * 4 low 32 bits
0x00000110 : 0x00000001 (1)            # mulh 0x40000000 * 4
0x00000114 : 0xFFFFFFFF (-1)           # mulh -5 * 7
0x00000118 : 0xFFFFFFFF (-1)           # mulh 7 * -5
0x0000011C : 0x00000000 (0)            # mulh -5 * -5
0x00000120 : 0x00000002 (2)            # div 7 / 3
0x00000124 : 0xFFFFFFFF (-1)           # div 7 / -5
0x00000128 : 0x00000000 (0)            # div -5 / 7
0x0000012C : 0x00000001 (1)            # div -5 / -5
0x00000130 : 0xFFFFFFFF (-1)           # div by zero
0x00000134 : 0x80000000 (-2147483648)  # div INT_MIN / -1
0x00000138 : 0x00000001 (1)            # mod 7 % 3
0x0000013C : 0x00000002 (2)            # mod 7 % -5
0x00000140 : 0xFFFFFFFB (-5)           # mod -5 % 7
0x00000144 : 0x00000000 (0)            # mod -5 % -5
0x00000148 : 0x00000007 (7)            # mod by zero
0x0000014C : 0x00000000 (0)            # mod INT_MIN % -1

# Basic RV32I sanity table
0x00000164 : 0x0000000A (10)           # add
0x00000168 : 0x00000004 (4)            # sub
0x0000016C : 0x00000004 (4)            # andi
0x00000170 : 0x0000000F (15)           # ori
0x00000174 : 0x0000000D (13)           # xori
0x00000178 : 0x0000000C (12)           # slli
0x0000017C : 0x00000006 (6)            # srli
0x00000180 : 0xFFFFFFFD (-3)           # srai
0x00000184 : 0x00000001 (1)            # slt
0x00000188 : 0x00000000 (0)            # sltu

# Control-flow success marker
0x000001F4 : 0x0000007B (123)          # branches/jal/jalr skipped fail writes
