x0  = 0x00000000 (0)
x1  = 0x00000007 (7)
x2  = 0x00000003 (3)
x3  = 0xFFFFFFFB (-5)
x4  = 0x00000004 (4)
x5  = 0x80000000 (-2147483648)
x6  = 0x40000000 (1073741824)
x7  = 0x00000000 (0)
x8  = 0xFFFFFFFF (-1)
x9  = 0x00000000 (0)
x10 = 0x00000100 (256)
x11 = 0x00000000 (0)
x12 = 0x00000000 (0)
x13 = 0x00000000 (0)
x14 = 0x00000000 (0)
x15 = 0x00000000 (0)
x16 = 0x00000000 (0)
x17 = 0x00000000 (0)
x18 = 0x00000000 (0)
x19 = 0x00000000 (0)
x20 = 0x00000000 (0)
x21 = 0x0000000A (10)
x22 = 0x0000000A (10)
x23 = 0x00000000 (0)
x24 = 0x00000000 (0)
x25 = 0x00000000 (0)
x26 = 0x00000000 (0)
x27 = 0x00000000 (0)
x28 = 0x00000158 (344)
x29 = 0x000003E7 (999)
x30 = 0x0000007B (123)
x31 = 0x0000016C (364)
